// Jest Snapshot v1, https://goo.gl/fbAQLP

exports[`WavelengthComponent snapshot matches 1`] = `
<div
  className="MuiPaper-root-2 MuiPaper-elevation2-6 MuiPaper-rounded-3 MuiCard-root-1 equationBox"
>
  <form
    onSubmit={[Function]}
  >
    <div
      className="MuiCardContent-root-29 equationBoxInner"
    >
      <p>
        Supply a frequency to calculate the wavelength.
      </p>
      <div
        aria-describedby={undefined}
        className="MuiFormControl-root-30 MuiFormControl-marginNormal-31 MuiFormControl-fullWidth-33"
        onBlur={[Function]}
        onFocus={[Function]}
      >
        <label
          className="MuiFormLabel-root-39 MuiInputLabel-root-34 MuiInputLabel-formControl-35 MuiInputLabel-animated-38 MuiInputLabel-shrink-37"
          data-shrink={true}
          htmlFor="full-width"
        >
          Frequency in MHz
        </label>
        <div
          className="MuiInput-root-44 MuiInput-fullWidth-51 MuiInput-formControl-45 MuiInput-underline-48"
        >
          <input
            aria-invalid={false}
            aria-required={false}
            autoComplete={undefined}
            autoFocus={undefined}
            className="MuiInput-input-52"
            defaultValue={undefined}
            disabled={false}
            id="full-width"
            name="frequency"
            onBlur={[Function]}
            onChange={[Function]}
            onFocus={[Function]}
            onKeyDown={undefined}
            onKeyUp={undefined}
            placeholder={undefined}
            readOnly={undefined}
            required={undefined}
            rows={undefined}
            type="text"
            value={146}
          />
        </div>
      </div>
      <table
        className="MuiTable-root-57 table"
        width="100%"
      >
        <thead
          className="MuiTableHead-root-58"
        >
          <tr
            className="MuiTableRow-root-59 MuiTableRow-head-62"
          >
            <th
              aria-sort={null}
              className="MuiTableCell-root-64 MuiTableCell-head-65"
              scope="col"
            />
            <th
              aria-sort={null}
              className="MuiTableCell-root-64 MuiTableCell-head-65"
              scope="col"
            >
              Meters
            </th>
            <th
              aria-sort={null}
              className="MuiTableCell-root-64 MuiTableCell-head-65"
              scope="col"
            >
              Feet
            </th>
            <th
              aria-sort={null}
              className="MuiTableCell-root-64 MuiTableCell-head-65"
              scope="col"
            >
              Inches
            </th>
          </tr>
        </thead>
        <tbody
          className="MuiTableBody-root-72"
        >
          <tr
            className="MuiTableRow-root-59"
          >
            <td
              aria-sort={null}
              className="MuiTableCell-root-64 MuiTableCell-body-66"
              scope={undefined}
            >
              Full Wavelength
            </td>
            <td
              aria-sort={null}
              className="MuiTableCell-root-64 MuiTableCell-body-66"
              scope={undefined}
            >
              2.0548
            </td>
            <td
              aria-sort={null}
              className="MuiTableCell-root-64 MuiTableCell-body-66"
              scope={undefined}
            >
              6.7415
            </td>
            <td
              aria-sort={null}
              className="MuiTableCell-root-64 MuiTableCell-body-66"
              scope={undefined}
            >
              80.8974
            </td>
          </tr>
          <tr
            className="MuiTableRow-root-59"
          >
            <td
              aria-sort={null}
              className="MuiTableCell-root-64 MuiTableCell-body-66"
              scope={undefined}
            >
              3/4 Wavelength
            </td>
            <td
              aria-sort={null}
              className="MuiTableCell-root-64 MuiTableCell-body-66"
              scope={undefined}
            >
              1.5411
            </td>
            <td
              aria-sort={null}
              className="MuiTableCell-root-64 MuiTableCell-body-66"
              scope={undefined}
            >
              5.0561
            </td>
            <td
              aria-sort={null}
              className="MuiTableCell-root-64 MuiTableCell-body-66"
              scope={undefined}
            >
              60.6731
            </td>
          </tr>
          <tr
            className="MuiTableRow-root-59"
          >
            <td
              aria-sort={null}
              className="MuiTableCell-root-64 MuiTableCell-body-66"
              scope={undefined}
            >
              5/8 Wavelength
            </td>
            <td
              aria-sort={null}
              className="MuiTableCell-root-64 MuiTableCell-body-66"
              scope={undefined}
            >
              1.2842
            </td>
            <td
              aria-sort={null}
              className="MuiTableCell-root-64 MuiTableCell-body-66"
              scope={undefined}
            >
              4.2134
            </td>
            <td
              aria-sort={null}
              className="MuiTableCell-root-64 MuiTableCell-body-66"
              scope={undefined}
            >
              50.5609
            </td>
          </tr>
          <tr
            className="MuiTableRow-root-59"
          >
            <td
              aria-sort={null}
              className="MuiTableCell-root-64 MuiTableCell-body-66"
              scope={undefined}
            >
              1/2 Wavelength
            </td>
            <td
              aria-sort={null}
              className="MuiTableCell-root-64 MuiTableCell-body-66"
              scope={undefined}
            >
              1.0274
            </td>
            <td
              aria-sort={null}
              className="MuiTableCell-root-64 MuiTableCell-body-66"
              scope={undefined}
            >
              3.3707
            </td>
            <td
              aria-sort={null}
              className="MuiTableCell-root-64 MuiTableCell-body-66"
              scope={undefined}
            >
              40.4487
            </td>
          </tr>
          <tr
            className="MuiTableRow-root-59"
          >
            <td
              aria-sort={null}
              className="MuiTableCell-root-64 MuiTableCell-body-66"
              scope={undefined}
            >
              1/4 Wavelength
            </td>
            <td
              aria-sort={null}
              className="MuiTableCell-root-64 MuiTableCell-body-66"
              scope={undefined}
            >
              0.5137
            </td>
            <td
              aria-sort={null}
              className="MuiTableCell-root-64 MuiTableCell-body-66"
              scope={undefined}
            >
              1.6854
            </td>
            <td
              aria-sort={null}
              className="MuiTableCell-root-64 MuiTableCell-body-66"
              scope={undefined}
            >
              20.2244
            </td>
          </tr>
        </tbody>
      </table>
    </div>
    <div
      className="MuiCardActions-root-73"
    >
      <button
        className="MuiButtonBase-root-90 MuiButton-root-75 MuiCardActions-action-74"
        disabled={false}
        onBlur={[Function]}
        onClick={[Function]}
        onFocus={[Function]}
        onKeyDown={[Function]}
        onKeyUp={[Function]}
        onMouseDown={[Function]}
        onMouseLeave={[Function]}
        onMouseUp={[Function]}
        onTouchEnd={[Function]}
        onTouchMove={[Function]}
        onTouchStart={[Function]}
        tabIndex="3"
        type="button"
      >
        <span
          className="MuiButton-label-76"
        >
          Clear
        </span>
        <span
          className="MuiTouchRipple-root-93"
        />
      </button>
      <button
        className="MuiButtonBase-root-90 MuiButton-root-75 MuiButton-raised-80 MuiButton-raisedPrimary-81 MuiCardActions-action-74"
        disabled={false}
        onBlur={[Function]}
        onFocus={[Function]}
        onKeyDown={[Function]}
        onKeyUp={[Function]}
        onMouseDown={[Function]}
        onMouseLeave={[Function]}
        onMouseUp={[Function]}
        onTouchEnd={[Function]}
        onTouchMove={[Function]}
        onTouchStart={[Function]}
        style={
          Object {
            "marginLeft": "auto",
          }
        }
        tabIndex="2"
        type="submit"
      >
        <span
          className="MuiButton-label-76"
        >
          Calculate
        </span>
        <span
          className="MuiTouchRipple-root-93"
        />
      </button>
    </div>
  </form>
</div>
`;
