// Jest Snapshot v1, https://goo.gl/fbAQLP

exports[`TankCircuitComponent snapshot matches 1`] = `
<div
  className="equationBox"
>
  <h3>
    Tank Circuit
  </h3>
  <div
    className="equationBoxInner"
  >
    <p>
      Supply at least two of the values to calculate the third.
    </p>
    <div
      className="tableContainer"
    >
      <form
        onSubmit={[Function]}
      >
        <table
          className="table"
        >
          <tbody>
            <tr>
              <td
                align="left"
              >
                <label
                  htmlFor="tankcircuit-F"
                >
                   ƒ (Frequency in Hertz)
                </label>
              </td>
              <td>
                <input
                  autoComplete="off"
                  disabled={false}
                  id="tankcircuit-F"
                  onChange={[Function]}
                  tabIndex="1"
                  value=""
                />
              </td>
            </tr>
            <tr>
              <td
                align="left"
              >
                <label
                  htmlFor="tankcircuit-L"
                >
                  L (Inductance in nH)
                </label>
              </td>
              <td>
                <input
                  autoComplete="off"
                  disabled={false}
                  id="tankcircuit-L"
                  onChange={[Function]}
                  tabIndex="2"
                  value=""
                />
              </td>
            </tr>
            <tr>
              <td
                align="left"
              >
                <label
                  htmlFor="tankcircuit-C"
                >
                  C (Capacitance in pF)
                </label>
              </td>
              <td>
                <input
                  autoComplete="off"
                  disabled={false}
                  id="tankcircuit-C"
                  onChange={[Function]}
                  tabIndex="3"
                  value=""
                />
              </td>
            </tr>
            <tr>
              <td
                align="left"
              >
                <button
                  onClick={[Function]}
                  tabIndex="5"
                  type="button"
                >
                  Clear
                </button>
              </td>
              <td
                align="right"
              >
                <button
                  tabIndex="4"
                  type="submit"
                >
                  Calculate
                </button>
              </td>
            </tr>
          </tbody>
        </table>
      </form>
    </div>
  </div>
</div>
`;
